[backblue.gif]
[fade.gif]
[index.html]
[www.hotbot.com/images/apple-touch-icon.png]
[www.hotbot.com/images/favicon-32x32.png]
[www.hotbot.com/images/favicon-16x16.png]
[www.hotbot.com/static/common-29096172.js]
[www.hotbot.com/static/bundle-29096172.js]
[assistant.hbsvc.com/chat7509.js]
[cdn.jsdelivr.net/npm/moment@2.30.1/moment.min.js]
[www.hotbot.com/images/avatar/llama.jpg]
[www.hotbot.com/images/avatar/sonnet.jpg]
[www.hotbot.com/images/avatar/deepseek.png]
[www.hotbot.com/images/avatar/gemini.jpg]
[www.hotbot.com/images/avatar/chatgpt.jpg]
[www.hotbot.com/images/avatar/xai.jpg]
[www.hotbot.com/images/avatar/lambda.png]
[www.hotbot.com/images/avatar/hb-assistant.png]
[www.hotbot.com/images/avatar/mistral.jpg]
[www.hotbot.com/images/avatar/hotbot.png]
[www.hotbot.com/images/avatar/openchat.png]
[www.hotbot.com/images/avatar/qwen.jpg]
[www.hotbot.com/images/avatar/hb-web-search.png]
[www.hotbot.com/images/avatar/wizard.png]
[www.hotbot.com/images/btn-ask-rounded.png]
[www.hotbot.com/chat/3f4a930c-164c-474c-9972-030fad9c739c.html]
[www.hotbot.com/images/btn-ask.png]
[www.hotbot.com/images/btn-ask-pill.png]
[www.hotbot.com/static/app-bot-29096172.css]
[www.googletagmanager.com/gtm5445.html]
[www.hotbot.com/chat/e.html]
